// Jest Snapshot v1, https://goo.gl/fbAQLP

exports[`Testing UI - NavBar component Should render right 1`] = `
<View
  style={
    Object {
      "flex": 1,
    }
  }
>
  <RNCSafeAreaView
    onInsetsChange={[Function]}
    style={
      Object {
        "flex": 1,
      }
    }
  >
    <View
      onLayout={[Function]}
      style={
        Object {
          "flex": 1,
        }
      }
    >
      <View
        pointerEvents="box-none"
        style={
          Object {
            "bottom": 0,
            "left": 0,
            "position": "absolute",
            "right": 0,
            "top": 0,
          }
        }
      >
        <View
          accessibilityElementsHidden={false}
          closing={false}
          gestureVelocityImpact={0.3}
          importantForAccessibility="auto"
          onClose={[Function]}
          onGestureBegin={[Function]}
          onGestureCanceled={[Function]}
          onOpen={[Function]}
          onTransitionStart={[Function]}
          pointerEvents="box-none"
          style={
            Object {
              "bottom": 0,
              "left": 0,
              "position": "absolute",
              "right": 0,
              "top": 0,
            }
          }
          transitionSpec={
            Object {
              "close": Object {
                "animation": "spring",
                "config": Object {
                  "damping": 500,
                  "mass": 3,
                  "overshootClamping": true,
                  "restDisplacementThreshold": 0.01,
                  "restSpeedThreshold": 0.01,
                  "stiffness": 1000,
                },
              },
              "open": Object {
                "animation": "spring",
                "config": Object {
                  "damping": 500,
                  "mass": 3,
                  "overshootClamping": true,
                  "restDisplacementThreshold": 0.01,
                  "restSpeedThreshold": 0.01,
                  "stiffness": 1000,
                },
              },
            }
          }
        >
          <View
            pointerEvents="box-none"
            style={
              Object {
                "flex": 1,
                "marginTop": 64,
              }
            }
          >
            <View
              collapsable={false}
              forwardedRef={[Function]}
              onGestureHandlerEvent={[Function]}
              onGestureHandlerStateChange={[Function]}
              style={
                Object {
                  "flex": 1,
                  "transform": Array [
                    Object {
                      "translateX": 0,
                    },
                    Object {
                      "translateX": 0,
                    },
                  ],
                }
              }
            >
              <View
                pointerEvents="none"
                style={
                  Object {
                    "backgroundColor": "rgb(242, 242, 242)",
                    "bottom": 0,
                    "left": 0,
                    "position": "absolute",
                    "shadowColor": "#000",
                    "shadowOffset": Object {
                      "height": 1,
                      "width": -1,
                    },
                    "shadowOpacity": 0.3,
                    "shadowRadius": 5,
                    "top": 0,
                    "width": 3,
                  }
                }
              />
              <View
                style={
                  Array [
                    Object {
                      "flex": 1,
                      "overflow": "hidden",
                    },
                    Array [
                      Object {
                        "backgroundColor": "rgb(242, 242, 242)",
                      },
                      undefined,
                    ],
                  ]
                }
              >
                <View
                  style={
                    Object {
                      "flex": 1,
                      "flexDirection": "column-reverse",
                    }
                  }
                >
                  <View
                    style={
                      Object {
                        "flex": 1,
                      }
                    }
                  >
                    <div>
                      test
                    </div>
                  </View>
                </View>
              </View>
            </View>
          </View>
        </View>
      </View>
    </View>
    <View
      pointerEvents="box-none"
      style={
        Object {
          "left": 0,
          "position": "absolute",
          "right": 0,
          "top": 0,
        }
      }
    >
      <View
        accessibilityElementsHidden={false}
        importantForAccessibility="auto"
        onLayout={[Function]}
        pointerEvents="box-none"
        style={null}
      >
        <View
          pointerEvents="none"
          style={
            Object {
              "bottom": 0,
              "left": 0,
              "opacity": 1,
              "position": "absolute",
              "right": 0,
              "top": 0,
            }
          }
        >
          <View
            style={
              Object {
                "backgroundColor": "rgb(255, 255, 255)",
                "borderBottomColor": "rgb(224, 224, 224)",
                "flex": 1,
                "shadowColor": "rgb(224, 224, 224)",
                "shadowOffset": Object {
                  "height": 0.5,
                  "width": 0,
                },
                "shadowOpacity": 0.85,
                "shadowRadius": 0,
              }
            }
          />
        </View>
        <View
          pointerEvents="box-none"
          style={
            Object {
              "height": 64,
              "maxHeight": undefined,
              "minHeight": undefined,
              "opacity": undefined,
              "transform": undefined,
            }
          }
        >
          <View
            pointerEvents="none"
            style={
              Object {
                "height": 20,
              }
            }
          />
          <View
            pointerEvents="box-none"
            style={
              Object {
                "alignItems": "center",
                "flex": 1,
                "flexDirection": "row",
                "justifyContent": "center",
              }
            }
          >
            <View
              pointerEvents="box-none"
              style={
                Object {
                  "marginHorizontal": 16,
                  "opacity": 1,
                }
              }
            >
              <View
                accessibilityIgnoresInvertColors={true}
                style={
                  Object {
                    "alignItems": "center",
                    "flex": 1,
                    "flexDirection": "row",
                    "height": "100%",
                    "justifyContent": "center",
                    "width": 750,
                  }
                }
              >
                <Image
                  source={
                    Object {
                      "testUri": "../../../app/assets/images/game_bg.png",
                    }
                  }
                  style={
                    Array [
                      Object {
                        "bottom": 0,
                        "left": 0,
                        "position": "absolute",
                        "right": 0,
                        "top": 0,
                      },
                      Object {
                        "height": "100%",
                        "width": 750,
                      },
                      undefined,
                    ]
                  }
                  testID="navbar-imgback"
                />
                <Text
                  allowFontScaling={false}
                  onPress={[Function]}
                  style={
                    Array [
                      Object {
                        "color": "black",
                        "fontSize": 48,
                      },
                      Object {
                        "left": 8,
                        "position": "absolute",
                      },
                      Object {
                        "fontFamily": "Material Icons",
                        "fontStyle": "normal",
                        "fontWeight": "normal",
                      },
                      Object {},
                    ]
                  }
                  testID="navbar-icon"
                >
                  î—’
                </Text>
                <View
                  style={
                    Object {
                      "color": "#333",
                      "fontSize": 20,
                      "fontWeight": "bold",
                      "letterSpacing": 1,
                    }
                  }
                  testID="navbar-header-container"
                >
                  <Text>
                    test
                  </Text>
                </View>
              </View>
            </View>
          </View>
        </View>
      </View>
    </View>
  </RNCSafeAreaView>
</View>
`;
